https://www.billboard.com/charts/hot-christian-songs/2008-11-15
https://www.billboard.com/charts/soundtracks/2009-09-26
https://www.billboard.com/charts/alternative-songs/2017-12-09
https://www.billboard.com/charts/alternative-songs/2017-12-16
https://www.billboard.com/charts/alternative-songs/2017-12-23
https://www.billboard.com/charts/alternative-songs/2017-12-30
https://www.billboard.com/charts/adult-contemporary/2017-10-14
https://www.billboard.com/charts/adult-contemporary/2017-10-21
https://www.billboard.com/charts/adult-contemporary/2017-10-28
https://www.billboard.com/charts/adult-contemporary/2017-11-04
https://www.billboard.com/charts/adult-contemporary/2017-11-11
https://www.billboard.com/charts/adult-contemporary/2017-11-18
https://www.billboard.com/charts/adult-contemporary/2017-11-25
https://www.billboard.com/charts/adult-contemporary/2017-12-02
https://www.billboard.com/charts/adult-contemporary/2017-12-09
https://www.billboard.com/charts/adult-contemporary/2017-12-16
https://www.billboard.com/charts/adult-contemporary/2017-12-23
https://www.billboard.com/charts/adult-contemporary/2017-12-30
https://www.billboard.com/charts/adult-pop-songs/2017-09-23
https://www.billboard.com/charts/adult-pop-songs/2017-09-30
https://www.billboard.com/charts/adult-pop-songs/2017-10-07
https://www.billboard.com/charts/adult-pop-songs/2017-10-14
https://www.billboard.com/charts/adult-pop-songs/2017-10-21
https://www.billboard.com/charts/adult-pop-songs/2017-10-28
https://www.billboard.com/charts/adult-pop-songs/2017-11-04
https://www.billboard.com/charts/adult-pop-songs/2017-11-11
https://www.billboard.com/charts/adult-pop-songs/2017-11-18
https://www.billboard.com/charts/adult-pop-songs/2017-11-25
https://www.billboard.com/charts/adult-pop-songs/2017-12-02
https://www.billboard.com/charts/adult-pop-songs/2017-12-09
https://www.billboard.com/charts/adult-pop-songs/2017-12-16
https://www.billboard.com/charts/adult-pop-songs/2017-12-23
https://www.billboard.com/charts/adult-pop-songs/2017-12-30
https://www.billboard.com/charts/pop-songs/2017-10-14
https://www.billboard.com/charts/pop-songs/2017-10-21
https://www.billboard.com/charts/pop-songs/2017-10-28
https://www.billboard.com/charts/pop-songs/2017-11-04
https://www.billboard.com/charts/pop-songs/2017-11-11
https://www.billboard.com/charts/pop-songs/2017-11-18
https://www.billboard.com/charts/pop-songs/2017-11-25
https://www.billboard.com/charts/pop-songs/2017-12-02
https://www.billboard.com/charts/pop-songs/2017-12-09
https://www.billboard.com/charts/pop-songs/2017-12-16
https://www.billboard.com/charts/pop-songs/2017-12-23
https://www.billboard.com/charts/pop-songs/2017-12-30
https://www.billboard.com/charts/hot-100/2017-03-25
https://www.billboard.com/charts/hot-100/2017-04-01
https://www.billboard.com/charts/hot-100/2017-04-08
https://www.billboard.com/charts/hot-100/2017-10-07
https://www.billboard.com/charts/hot-100/2017-10-14
https://www.billboard.com/charts/hot-100/2017-10-21
https://www.billboard.com/charts/hot-100/2017-10-28
https://www.billboard.com/charts/hot-100/2017-11-04
https://www.billboard.com/charts/hot-100/2017-11-11
https://www.billboard.com/charts/hot-100/2017-11-18
https://www.billboard.com/charts/hot-100/2017-11-25
https://www.billboard.com/charts/hot-100/2017-12-02
https://www.billboard.com/charts/hot-100/2017-12-09
https://www.billboard.com/charts/hot-100/2017-12-16
https://www.billboard.com/charts/hot-100/2017-12-23
https://www.billboard.com/charts/hot-100/2017-12-30
https://www.billboard.com/charts/country-airplay/2017-12-09
https://www.billboard.com/charts/country-airplay/2017-12-16
https://www.billboard.com/charts/country-airplay/2017-12-23
https://www.billboard.com/charts/country-airplay/2017-12-30
https://www.billboard.com/charts/country-songs/2017-12-16
https://www.billboard.com/charts/country-songs/2017-12-23
https://www.billboard.com/charts/country-songs/2017-12-30
https://www.billboard.com/charts/country-streaming-songs/2017-12-16
https://www.billboard.com/charts/country-streaming-songs/2017-12-23
https://www.billboard.com/charts/country-streaming-songs/2017-12-30
https://www.billboard.com/charts/rhythmic-40/2017-12-23
https://www.billboard.com/charts/rhythmic-40/2017-12-30
https://www.billboard.com/charts/canadian-hot-100/2017-03-25
https://www.billboard.com/charts/canadian-hot-100/2017-04-01
https://www.billboard.com/charts/canadian-hot-100/2017-04-08
https://www.billboard.com/charts/canadian-hot-100/2017-04-15
https://www.billboard.com/charts/canadian-hot-100/2017-04-22
https://www.billboard.com/charts/canadian-hot-100/2017-04-29
https://www.billboard.com/charts/canadian-hot-100/2017-05-06
https://www.billboard.com/charts/canadian-hot-100/2017-05-13
https://www.billboard.com/charts/canadian-hot-100/2017-05-20
https://www.billboard.com/charts/canadian-hot-100/2017-05-27
https://www.billboard.com/charts/canadian-hot-100/2017-06-03
https://www.billboard.com/charts/canadian-hot-100/2017-06-10
https://www.billboard.com/charts/canadian-hot-100/2017-07-01
https://www.billboard.com/charts/canadian-hot-100/2017-07-22
https://www.billboard.com/charts/canadian-hot-100/2017-07-29
https://www.billboard.com/charts/canadian-hot-100/2017-08-05
https://www.billboard.com/charts/canadian-hot-100/2017-08-12
https://www.billboard.com/charts/canadian-hot-100/2017-08-19
https://www.billboard.com/charts/canadian-hot-100/2017-08-26
https://www.billboard.com/charts/canadian-hot-100/2017-09-02
https://www.billboard.com/charts/canadian-hot-100/2017-09-09
https://www.billboard.com/charts/canadian-hot-100/2017-09-16
https://www.billboard.com/charts/canadian-hot-100/2017-09-23
https://www.billboard.com/charts/canadian-hot-100/2017-09-30
https://www.billboard.com/charts/canadian-hot-100/2017-10-07
https://www.billboard.com/charts/canadian-hot-100/2017-10-14
https://www.billboard.com/charts/canadian-hot-100/2017-10-21
https://www.billboard.com/charts/canadian-hot-100/2017-10-28
https://www.billboard.com/charts/canadian-hot-100/2017-11-04
https://www.billboard.com/charts/canadian-hot-100/2017-11-11
https://www.billboard.com/charts/canadian-hot-100/2017-11-18
https://www.billboard.com/charts/canadian-hot-100/2017-11-25
https://www.billboard.com/charts/canadian-hot-100/2017-12-02
https://www.billboard.com/charts/canadian-hot-100/2017-12-09
https://www.billboard.com/charts/canadian-hot-100/2017-12-16
https://www.billboard.com/charts/canadian-hot-100/2017-12-23
https://www.billboard.com/charts/canadian-hot-100/2017-12-30
https://www.billboard.com/charts/japan-hot-100/2017-12-23
https://www.billboard.com/charts/dance-club-play-songs/2017-10-28
https://www.billboard.com/charts/dance-club-play-songs/2017-11-11
https://www.billboard.com/charts/dance-club-play-songs/2017-11-18
https://www.billboard.com/charts/dance-club-play-songs/2017-11-25
https://www.billboard.com/charts/dance-club-play-songs/2017-12-02
https://www.billboard.com/charts/dance-club-play-songs/2017-12-09
https://www.billboard.com/charts/dance-club-play-songs/2017-12-16
https://www.billboard.com/charts/dance-club-play-songs/2017-12-23
https://www.billboard.com/charts/dance-club-play-songs/2017-12-30
https://www.billboard.com/charts/radio-songs/2017-10-21
https://www.billboard.com/charts/radio-songs/2017-10-28
https://www.billboard.com/charts/radio-songs/2017-11-04
https://www.billboard.com/charts/radio-songs/2017-11-11
https://www.billboard.com/charts/radio-songs/2017-11-18
https://www.billboard.com/charts/radio-songs/2017-11-25
https://www.billboard.com/charts/radio-songs/2017-12-02
https://www.billboard.com/charts/radio-songs/2017-12-09
https://www.billboard.com/charts/radio-songs/2017-12-16
https://www.billboard.com/charts/radio-songs/2017-12-23
https://www.billboard.com/charts/radio-songs/2017-12-30
https://www.billboard.com/charts/streaming-songs/2017-03-25
https://www.billboard.com/charts/streaming-songs/2017-04-01
https://www.billboard.com/charts/streaming-songs/2017-10-28
https://www.billboard.com/charts/streaming-songs/2017-11-04
https://www.billboard.com/charts/streaming-songs/2017-11-11
https://www.billboard.com/charts/streaming-songs/2017-11-18
https://www.billboard.com/charts/streaming-songs/2017-11-25
https://www.billboard.com/charts/streaming-songs/2017-12-02
https://www.billboard.com/charts/streaming-songs/2017-12-09
https://www.billboard.com/charts/streaming-songs/2017-12-16
https://www.billboard.com/charts/streaming-songs/2017-12-23
https://www.billboard.com/charts/streaming-songs/2017-12-30
https://www.billboard.com/charts/rock-songs/2018-01-06
https://www.billboard.com/charts/rock-songs/2018-01-13
https://www.billboard.com/charts/rock-songs/2018-01-20
https://www.billboard.com/charts/rock-songs/2018-01-27
https://www.billboard.com/charts/rock-songs/2018-02-03
https://www.billboard.com/charts/rock-songs/2018-02-10
https://www.billboard.com/charts/rock-songs/2018-02-17
https://www.billboard.com/charts/rock-songs/2018-02-24
https://www.billboard.com/charts/rock-songs/2018-03-03
https://www.billboard.com/charts/rock-songs/2018-03-10
https://www.billboard.com/charts/rock-songs/2018-03-17
https://www.billboard.com/charts/rock-songs/2018-03-24
https://www.billboard.com/charts/rock-songs/2018-03-31
https://www.billboard.com/charts/rock-songs/2018-04-07
https://www.billboard.com/charts/rock-songs/2018-04-14
https://www.billboard.com/charts/rock-songs/2018-04-21
https://www.billboard.com/charts/rock-songs/2018-04-28
https://www.billboard.com/charts/rock-songs/2018-05-05
https://www.billboard.com/charts/rock-songs/2018-05-12
https://www.billboard.com/charts/rock-songs/2018-05-19
https://www.billboard.com/charts/rock-songs/2018-05-26
https://www.billboard.com/charts/rock-songs/2018-06-02
https://www.billboard.com/charts/rock-songs/2018-06-09
https://www.billboard.com/charts/rock-songs/2018-06-16
https://www.billboard.com/charts/rock-songs/2018-06-23
https://www.billboard.com/charts/rock-songs/2018-06-30
https://www.billboard.com/charts/rock-songs/2018-07-07
https://www.billboard.com/charts/rock-songs/2018-07-14
https://www.billboard.com/charts/rock-songs/2018-07-21
https://www.billboard.com/charts/rock-songs/2018-07-28
https://www.billboard.com/charts/rock-songs/2018-08-04
https://www.billboard.com/charts/rock-songs/2018-08-11
https://www.billboard.com/charts/rock-songs/2018-08-18
https://www.billboard.com/charts/rock-songs/2018-08-25
https://www.billboard.com/charts/rock-songs/2018-09-01
https://www.billboard.com/charts/rock-songs/2018-09-08
https://www.billboard.com/charts/rock-songs/2018-09-15
https://www.billboard.com/charts/rock-songs/2018-09-22
https://www.billboard.com/charts/rock-songs/2018-09-29
https://www.billboard.com/charts/rock-songs/2018-10-06
https://www.billboard.com/charts/rock-songs/2018-10-13
https://www.billboard.com/charts/rock-songs/2018-10-20
https://www.billboard.com/charts/alternative-songs/2018-01-03
https://www.billboard.com/charts/alternative-songs/2018-01-06
https://www.billboard.com/charts/alternative-songs/2018-01-13
https://www.billboard.com/charts/alternative-songs/2018-01-20
https://www.billboard.com/charts/alternative-songs/2018-01-27
https://www.billboard.com/charts/alternative-songs/2018-02-03
https://www.billboard.com/charts/alternative-songs/2018-02-10
https://www.billboard.com/charts/alternative-songs/2018-02-17
https://www.billboard.com/charts/alternative-songs/2018-02-24
https://www.billboard.com/charts/alternative-songs/2018-03-03
https://www.billboard.com/charts/alternative-songs/2018-03-10
https://www.billboard.com/charts/alternative-songs/2018-03-17
https://www.billboard.com/charts/alternative-songs/2018-03-24
https://www.billboard.com/charts/alternative-songs/2018-03-31
https://www.billboard.com/charts/alternative-songs/2018-04-07
https://www.billboard.com/charts/alternative-songs/2018-04-14
https://www.billboard.com/charts/alternative-songs/2018-04-21
https://www.billboard.com/charts/alternative-songs/2018-04-28
https://www.billboard.com/charts/alternative-songs/2018-05-05
https://www.billboard.com/charts/alternative-songs/2018-05-12
https://www.billboard.com/charts/alternative-songs/2018-05-19
https://www.billboard.com/charts/alternative-songs/2018-05-26
https://www.billboard.com/charts/alternative-songs/2018-06-02
https://www.billboard.com/charts/alternative-songs/2018-06-09
https://www.billboard.com/charts/alternative-songs/2018-06-16
https://www.billboard.com/charts/alternative-songs/2018-06-23
https://www.billboard.com/charts/alternative-songs/2018-06-30
https://www.billboard.com/charts/alternative-songs/2018-07-07
https://www.billboard.com/charts/alternative-songs/2018-07-14
https://www.billboard.com/charts/alternative-songs/2018-07-21
https://www.billboard.com/charts/alternative-songs/2018-07-28
https://www.billboard.com/charts/alternative-songs/2018-08-04
https://www.billboard.com/charts/alternative-songs/2018-08-11
https://www.billboard.com/charts/alternative-songs/2018-08-18
https://www.billboard.com/charts/alternative-songs/2018-08-25
https://www.billboard.com/charts/alternative-songs/2018-09-01
https://www.billboard.com/charts/alternative-songs/2018-09-08
https://www.billboard.com/charts/alternative-songs/2018-09-15
https://www.billboard.com/charts/alternative-songs/2018-09-22
https://www.billboard.com/charts/alternative-songs/2018-09-29
https://www.billboard.com/charts/alternative-songs/2018-10-06
https://www.billboard.com/charts/alternative-songs/2018-10-13
https://www.billboard.com/charts/alternative-songs/2018-10-20
https://www.billboard.com/charts/rock-airplay/2018-01-03
https://www.billboard.com/charts/rock-airplay/2018-01-06
https://www.billboard.com/charts/rock-airplay/2018-01-13
https://www.billboard.com/charts/rock-airplay/2018-01-20
https://www.billboard.com/charts/rock-airplay/2018-01-27
https://www.billboard.com/charts/rock-airplay/2018-02-03
https://www.billboard.com/charts/rock-airplay/2018-02-10
https://www.billboard.com/charts/rock-airplay/2018-02-17
https://www.billboard.com/charts/rock-airplay/2018-02-24
https://www.billboard.com/charts/rock-airplay/2018-03-03
https://www.billboard.com/charts/rock-airplay/2018-03-10
https://www.billboard.com/charts/rock-airplay/2018-03-17
https://www.billboard.com/charts/rock-airplay/2018-03-24
https://www.billboard.com/charts/rock-airplay/2018-03-31
https://www.billboard.com/charts/rock-airplay/2018-04-07
https://www.billboard.com/charts/rock-airplay/2018-04-14
https://www.billboard.com/charts/rock-airplay/2018-04-21
https://www.billboard.com/charts/rock-airplay/2018-04-28
https://www.billboard.com/charts/rock-airplay/2018-05-05
https://www.billboard.com/charts/rock-airplay/2018-05-12
https://www.billboard.com/charts/rock-airplay/2018-05-19
https://www.billboard.com/charts/rock-airplay/2018-05-26
https://www.billboard.com/charts/rock-airplay/2018-06-02
https://www.billboard.com/charts/rock-airplay/2018-06-09
https://www.billboard.com/charts/rock-airplay/2018-06-16
https://www.billboard.com/charts/rock-airplay/2018-06-23
https://www.billboard.com/charts/rock-airplay/2018-06-30
https://www.billboard.com/charts/rock-airplay/2018-07-07
https://www.billboard.com/charts/rock-airplay/2018-07-14
https://www.billboard.com/charts/rock-airplay/2018-07-21
https://www.billboard.com/charts/rock-airplay/2018-07-28
https://www.billboard.com/charts/rock-airplay/2018-08-04
https://www.billboard.com/charts/rock-airplay/2018-08-11
https://www.billboard.com/charts/rock-airplay/2018-08-18
https://www.billboard.com/charts/rock-airplay/2018-08-25
https://www.billboard.com/charts/rock-airplay/2018-09-01
https://www.billboard.com/charts/rock-airplay/2018-09-08
https://www.billboard.com/charts/rock-airplay/2018-09-15
https://www.billboard.com/charts/rock-airplay/2018-09-22
https://www.billboard.com/charts/rock-airplay/2018-09-29
https://www.billboard.com/charts/rock-airplay/2018-10-06
https://www.billboard.com/charts/rock-airplay/2018-10-13
https://www.billboard.com/charts/rock-airplay/2018-10-20
https://www.billboard.com/charts/rock-streaming-songs/2018-06-09
https://www.billboard.com/charts/rock-streaming-songs/2018-06-30
https://www.billboard.com/charts/rock-streaming-songs/2018-07-07
https://www.billboard.com/charts/rock-streaming-songs/2018-07-14
https://www.billboard.com/charts/rock-streaming-songs/2018-07-21
https://www.billboard.com/charts/rock-streaming-songs/2018-07-28
https://www.billboard.com/charts/rock-streaming-songs/2018-08-04
https://www.billboard.com/charts/rock-streaming-songs/2018-08-11
https://www.billboard.com/charts/rock-streaming-songs/2018-08-18
https://www.billboard.com/charts/rock-streaming-songs/2018-08-25
https://www.billboard.com/charts/rock-streaming-songs/2018-09-01
https://www.billboard.com/charts/rock-streaming-songs/2018-09-08
https://www.billboard.com/charts/rock-streaming-songs/2018-09-15
https://www.billboard.com/charts/rock-streaming-songs/2018-09-22
https://www.billboard.com/charts/rock-streaming-songs/2018-09-29
https://www.billboard.com/charts/rock-streaming-songs/2018-10-06
https://www.billboard.com/charts/rock-streaming-songs/2018-10-13
https://www.billboard.com/charts/rock-streaming-songs/2018-10-20
https://www.billboard.com/charts/hot-mainstream-rock-tracks/2018-07-21
https://www.billboard.com/charts/hot-mainstream-rock-tracks/2018-07-28
https://www.billboard.com/charts/hot-mainstream-rock-tracks/2018-08-04
https://www.billboard.com/charts/hot-mainstream-rock-tracks/2018-08-11
https://www.billboard.com/charts/hot-mainstream-rock-tracks/2018-08-18
https://www.billboard.com/charts/hot-mainstream-rock-tracks/2018-08-25
https://www.billboard.com/charts/hot-mainstream-rock-tracks/2018-09-01
https://www.billboard.com/charts/hot-mainstream-rock-tracks/2018-09-08
https://www.billboard.com/charts/hot-mainstream-rock-tracks/2018-09-15
https://www.billboard.com/charts/hot-mainstream-rock-tracks/2018-09-22
https://www.billboard.com/charts/hot-mainstream-rock-tracks/2018-09-29
https://www.billboard.com/charts/hot-mainstream-rock-tracks/2018-10-06
https://www.billboard.com/charts/hot-mainstream-rock-tracks/2018-10-13
https://www.billboard.com/charts/hot-mainstream-rock-tracks/2018-10-20
https://www.billboard.com/charts/adult-contemporary/2018-01-03
https://www.billboard.com/charts/adult-contemporary/2018-01-06
https://www.billboard.com/charts/adult-contemporary/2018-01-13
https://www.billboard.com/charts/adult-contemporary/2018-01-20
https://www.billboard.com/charts/adult-contemporary/2018-01-27
https://www.billboard.com/charts/adult-contemporary/2018-02-03
https://www.billboard.com/charts/adult-contemporary/2018-02-10
https://www.billboard.com/charts/adult-contemporary/2018-02-17
https://www.billboard.com/charts/adult-contemporary/2018-02-24
https://www.billboard.com/charts/adult-contemporary/2018-03-03
https://www.billboard.com/charts/adult-contemporary/2018-03-10
https://www.billboard.com/charts/adult-contemporary/2018-03-17
https://www.billboard.com/charts/adult-contemporary/2018-03-24
https://www.billboard.com/charts/adult-contemporary/2018-03-31
https://www.billboard.com/charts/adult-contemporary/2018-04-07
https://www.billboard.com/charts/adult-contemporary/2018-04-14
https://www.billboard.com/charts/adult-contemporary/2018-04-21
https://www.billboard.com/charts/adult-contemporary/2018-04-28
https://www.billboard.com/charts/adult-contemporary/2018-05-05
https://www.billboard.com/charts/adult-contemporary/2018-05-12
https://www.billboard.com/charts/adult-contemporary/2018-05-19
https://www.billboard.com/charts/adult-contemporary/2018-05-26
https://www.billboard.com/charts/adult-contemporary/2018-06-02
https://www.billboard.com/charts/adult-contemporary/2018-06-09
https://www.billboard.com/charts/adult-contemporary/2018-06-16
https://www.billboard.com/charts/adult-contemporary/2018-06-23
https://www.billboard.com/charts/adult-contemporary/2018-06-30
https://www.billboard.com/charts/adult-contemporary/2018-07-07
https://www.billboard.com/charts/adult-contemporary/2018-07-14
https://www.billboard.com/charts/adult-contemporary/2018-07-21
https://www.billboard.com/charts/adult-contemporary/2018-07-28
https://www.billboard.com/charts/adult-contemporary/2018-08-04
https://www.billboard.com/charts/adult-contemporary/2018-08-11
https://www.billboard.com/charts/adult-contemporary/2018-08-18
https://www.billboard.com/charts/adult-contemporary/2018-08-25
https://www.billboard.com/charts/adult-contemporary/2018-09-01
https://www.billboard.com/charts/adult-contemporary/2018-09-08
https://www.billboard.com/charts/adult-contemporary/2018-09-15
https://www.billboard.com/charts/adult-contemporary/2018-09-22
https://www.billboard.com/charts/adult-contemporary/2018-09-29
https://www.billboard.com/charts/adult-contemporary/2018-10-06
https://www.billboard.com/charts/adult-contemporary/2018-10-13
https://www.billboard.com/charts/adult-contemporary/2018-10-20
https://www.billboard.com/charts/adult-pop-songs/2018-01-03
https://www.billboard.com/charts/adult-pop-songs/2018-01-06
https://www.billboard.com/charts/adult-pop-songs/2018-01-13
https://www.billboard.com/charts/adult-pop-songs/2018-01-20
https://www.billboard.com/charts/adult-pop-songs/2018-01-27
https://www.billboard.com/charts/adult-pop-songs/2018-02-03
https://www.billboard.com/charts/adult-pop-songs/2018-02-10
https://www.billboard.com/charts/adult-pop-songs/2018-02-17
https://www.billboard.com/charts/adult-pop-songs/2018-02-24
https://www.billboard.com/charts/adult-pop-songs/2018-03-03
https://www.billboard.com/charts/adult-pop-songs/2018-03-10
https://www.billboard.com/charts/adult-pop-songs/2018-03-17
https://www.billboard.com/charts/adult-pop-songs/2018-03-24
https://www.billboard.com/charts/adult-pop-songs/2018-03-31
https://www.billboard.com/charts/adult-pop-songs/2018-04-07
https://www.billboard.com/charts/adult-pop-songs/2018-04-14
https://www.billboard.com/charts/adult-pop-songs/2018-04-21
https://www.billboard.com/charts/adult-pop-songs/2018-04-28
https://www.billboard.com/charts/adult-pop-songs/2018-05-05
https://www.billboard.com/charts/adult-pop-songs/2018-05-12
https://www.billboard.com/charts/adult-pop-songs/2018-05-19
https://www.billboard.com/charts/adult-pop-songs/2018-05-26
https://www.billboard.com/charts/adult-pop-songs/2018-06-02
https://www.billboard.com/charts/adult-pop-songs/2018-06-09
https://www.billboard.com/charts/adult-pop-songs/2018-06-16
https://www.billboard.com/charts/adult-pop-songs/2018-06-23
https://www.billboard.com/charts/adult-pop-songs/2018-06-30
https://www.billboard.com/charts/adult-pop-songs/2018-07-07
https://www.billboard.com/charts/adult-pop-songs/2018-07-14
https://www.billboard.com/charts/adult-pop-songs/2018-07-21
https://www.billboard.com/charts/adult-pop-songs/2018-07-28
https://www.billboard.com/charts/adult-pop-songs/2018-08-04
https://www.billboard.com/charts/adult-pop-songs/2018-08-11
https://www.billboard.com/charts/adult-pop-songs/2018-08-18
https://www.billboard.com/charts/adult-pop-songs/2018-08-25
https://www.billboard.com/charts/adult-pop-songs/2018-09-01
https://www.billboard.com/charts/adult-pop-songs/2018-09-08
https://www.billboard.com/charts/adult-pop-songs/2018-09-15
https://www.billboard.com/charts/adult-pop-songs/2018-09-22
https://www.billboard.com/charts/adult-pop-songs/2018-09-29
https://www.billboard.com/charts/adult-pop-songs/2018-10-06
https://www.billboard.com/charts/adult-pop-songs/2018-10-13
https://www.billboard.com/charts/adult-pop-songs/2018-10-20
https://www.billboard.com/charts/pop-songs/2018-01-03
https://www.billboard.com/charts/pop-songs/2018-01-06
https://www.billboard.com/charts/pop-songs/2018-01-13
https://www.billboard.com/charts/pop-songs/2018-01-20
https://www.billboard.com/charts/pop-songs/2018-01-27
https://www.billboard.com/charts/pop-songs/2018-02-03
https://www.billboard.com/charts/pop-songs/2018-02-10
https://www.billboard.com/charts/pop-songs/2018-02-17
https://www.billboard.com/charts/pop-songs/2018-02-24
https://www.billboard.com/charts/pop-songs/2018-03-03
https://www.billboard.com/charts/pop-songs/2018-03-10
https://www.billboard.com/charts/pop-songs/2018-03-17
https://www.billboard.com/charts/pop-songs/2018-03-24
https://www.billboard.com/charts/pop-songs/2018-03-31
https://www.billboard.com/charts/pop-songs/2018-04-07
https://www.billboard.com/charts/pop-songs/2018-04-14
https://www.billboard.com/charts/pop-songs/2018-04-21
https://www.billboard.com/charts/pop-songs/2018-04-28
https://www.billboard.com/charts/pop-songs/2018-05-05
https://www.billboard.com/charts/pop-songs/2018-05-12
https://www.billboard.com/charts/pop-songs/2018-05-19
https://www.billboard.com/charts/pop-songs/2018-05-26
https://www.billboard.com/charts/pop-songs/2018-06-02
https://www.billboard.com/charts/pop-songs/2018-06-09
https://www.billboard.com/charts/pop-songs/2018-06-16
https://www.billboard.com/charts/pop-songs/2018-06-23
https://www.billboard.com/charts/pop-songs/2018-06-30
https://www.billboard.com/charts/pop-songs/2018-07-07
https://www.billboard.com/charts/pop-songs/2018-07-14
https://www.billboard.com/charts/pop-songs/2018-07-21
https://www.billboard.com/charts/pop-songs/2018-07-28
https://www.billboard.com/charts/pop-songs/2018-08-04
https://www.billboard.com/charts/pop-songs/2018-08-11
https://www.billboard.com/charts/pop-songs/2018-08-18
https://www.billboard.com/charts/pop-songs/2018-08-25
https://www.billboard.com/charts/pop-songs/2018-09-01
https://www.billboard.com/charts/pop-songs/2018-09-08
https://www.billboard.com/charts/pop-songs/2018-09-15
https://www.billboard.com/charts/pop-songs/2018-09-22
https://www.billboard.com/charts/pop-songs/2018-09-29
https://www.billboard.com/charts/pop-songs/2018-10-06
https://www.billboard.com/charts/pop-songs/2018-10-13
https://www.billboard.com/charts/pop-songs/2018-10-20
https://www.billboard.com/charts/hot-100/2018-01-03
https://www.billboard.com/charts/hot-100/2018-01-06
https://www.billboard.com/charts/hot-100/2018-01-13
https://www.billboard.com/charts/hot-100/2018-01-20
https://www.billboard.com/charts/hot-100/2018-01-27
https://www.billboard.com/charts/hot-100/2018-02-03
https://www.billboard.com/charts/hot-100/2018-02-10
https://www.billboard.com/charts/hot-100/2018-02-17
https://www.billboard.com/charts/hot-100/2018-02-24
https://www.billboard.com/charts/hot-100/2018-03-03
https://www.billboard.com/charts/hot-100/2018-03-10
https://www.billboard.com/charts/hot-100/2018-03-17
https://www.billboard.com/charts/hot-100/2018-03-24
https://www.billboard.com/charts/hot-100/2018-03-31
https://www.billboard.com/charts/hot-100/2018-04-07
https://www.billboard.com/charts/hot-100/2018-04-14
https://www.billboard.com/charts/hot-100/2018-04-21
https://www.billboard.com/charts/hot-100/2018-04-28
https://www.billboard.com/charts/hot-100/2018-05-05
https://www.billboard.com/charts/hot-100/2018-05-12
https://www.billboard.com/charts/hot-100/2018-05-19
https://www.billboard.com/charts/hot-100/2018-05-26
https://www.billboard.com/charts/hot-100/2018-06-02
https://www.billboard.com/charts/hot-100/2018-06-09
https://www.billboard.com/charts/hot-100/2018-06-16
https://www.billboard.com/charts/hot-100/2018-06-23
https://www.billboard.com/charts/hot-100/2018-06-30
https://www.billboard.com/charts/hot-100/2018-07-07
https://www.billboard.com/charts/hot-100/2018-07-14
https://www.billboard.com/charts/hot-100/2018-07-21
https://www.billboard.com/charts/hot-100/2018-07-28
https://www.billboard.com/charts/hot-100/2018-08-04
https://www.billboard.com/charts/hot-100/2018-08-11
https://www.billboard.com/charts/hot-100/2018-08-18
https://www.billboard.com/charts/hot-100/2018-08-25
https://www.billboard.com/charts/hot-100/2018-09-01
https://www.billboard.com/charts/hot-100/2018-09-08
https://www.billboard.com/charts/hot-100/2018-09-15
https://www.billboard.com/charts/hot-100/2018-09-22
https://www.billboard.com/charts/hot-100/2018-09-29
https://www.billboard.com/charts/hot-100/2018-10-06
https://www.billboard.com/charts/hot-100/2018-10-13
https://www.billboard.com/charts/hot-100/2018-10-20
https://www.billboard.com/charts/country-airplay/2018-01-03
https://www.billboard.com/charts/country-airplay/2018-01-06
https://www.billboard.com/charts/country-airplay/2018-01-13
https://www.billboard.com/charts/country-airplay/2018-01-20
https://www.billboard.com/charts/country-airplay/2018-01-27
https://www.billboard.com/charts/country-airplay/2018-02-03
https://www.billboard.com/charts/country-airplay/2018-02-10
https://www.billboard.com/charts/country-airplay/2018-02-17
https://www.billboard.com/charts/country-airplay/2018-02-24
https://www.billboard.com/charts/country-airplay/2018-03-03
https://www.billboard.com/charts/country-airplay/2018-03-10
https://www.billboard.com/charts/country-airplay/2018-03-17
https://www.billboard.com/charts/country-airplay/2018-03-24
https://www.billboard.com/charts/country-airplay/2018-03-31
https://www.billboard.com/charts/country-airplay/2018-04-07
https://www.billboard.com/charts/country-airplay/2018-04-14
https://www.billboard.com/charts/country-airplay/2018-04-21
https://www.billboard.com/charts/country-airplay/2018-04-28
https://www.billboard.com/charts/country-airplay/2018-05-05
https://www.billboard.com/charts/country-airplay/2018-05-12
https://www.billboard.com/charts/country-airplay/2018-05-19
https://www.billboard.com/charts/country-airplay/2018-05-26
https://www.billboard.com/charts/country-airplay/2018-06-02
https://www.billboard.com/charts/country-airplay/2018-06-09
https://www.billboard.com/charts/country-airplay/2018-06-16
https://www.billboard.com/charts/country-airplay/2018-06-23
https://www.billboard.com/charts/country-airplay/2018-06-30
https://www.billboard.com/charts/country-airplay/2018-07-07
https://www.billboard.com/charts/country-airplay/2018-07-14
https://www.billboard.com/charts/country-airplay/2018-07-21
https://www.billboard.com/charts/country-airplay/2018-07-28
https://www.billboard.com/charts/country-airplay/2018-08-04
https://www.billboard.com/charts/country-airplay/2018-08-11
https://www.billboard.com/charts/country-airplay/2018-08-18
https://www.billboard.com/charts/country-airplay/2018-08-25
https://www.billboard.com/charts/country-airplay/2018-09-01
https://www.billboard.com/charts/country-airplay/2018-09-08
https://www.billboard.com/charts/country-airplay/2018-09-15
https://www.billboard.com/charts/country-airplay/2018-09-22
https://www.billboard.com/charts/country-airplay/2018-09-29
https://www.billboard.com/charts/country-airplay/2018-10-06
https://www.billboard.com/charts/country-airplay/2018-10-13
https://www.billboard.com/charts/country-airplay/2018-10-20
https://www.billboard.com/charts/country-songs/2018-01-03
https://www.billboard.com/charts/country-songs/2018-01-06
https://www.billboard.com/charts/country-songs/2018-01-13
https://www.billboard.com/charts/country-songs/2018-01-20
https://www.billboard.com/charts/country-songs/2018-01-27
https://www.billboard.com/charts/country-songs/2018-02-03
https://www.billboard.com/charts/country-songs/2018-02-10
https://www.billboard.com/charts/country-songs/2018-02-17
https://www.billboard.com/charts/country-songs/2018-02-24
https://www.billboard.com/charts/country-songs/2018-03-03
https://www.billboard.com/charts/country-songs/2018-03-10
https://www.billboard.com/charts/country-songs/2018-03-17
https://www.billboard.com/charts/country-songs/2018-03-24
https://www.billboard.com/charts/country-songs/2018-03-31
https://www.billboard.com/charts/country-songs/2018-04-07
https://www.billboard.com/charts/country-songs/2018-04-14
https://www.billboard.com/charts/country-songs/2018-04-21
https://www.billboard.com/charts/country-songs/2018-04-28
https://www.billboard.com/charts/country-songs/2018-05-05
https://www.billboard.com/charts/country-songs/2018-05-12
https://www.billboard.com/charts/country-songs/2018-05-19
https://www.billboard.com/charts/country-songs/2018-05-26
https://www.billboard.com/charts/country-songs/2018-06-02
https://www.billboard.com/charts/country-songs/2018-06-09
https://www.billboard.com/charts/country-songs/2018-06-16
https://www.billboard.com/charts/country-songs/2018-06-23
https://www.billboard.com/charts/country-songs/2018-06-30
https://www.billboard.com/charts/country-songs/2018-07-07
https://www.billboard.com/charts/country-songs/2018-07-14
https://www.billboard.com/charts/country-songs/2018-07-21
https://www.billboard.com/charts/country-songs/2018-07-28
https://www.billboard.com/charts/country-songs/2018-08-04
https://www.billboard.com/charts/country-songs/2018-08-11
https://www.billboard.com/charts/country-songs/2018-08-18
https://www.billboard.com/charts/country-songs/2018-08-25
https://www.billboard.com/charts/country-songs/2018-09-01
https://www.billboard.com/charts/country-songs/2018-09-08
https://www.billboard.com/charts/country-songs/2018-09-15
https://www.billboard.com/charts/country-songs/2018-09-22
https://www.billboard.com/charts/country-songs/2018-09-29
https://www.billboard.com/charts/country-songs/2018-10-06
https://www.billboard.com/charts/country-songs/2018-10-13
https://www.billboard.com/charts/country-songs/2018-10-20
https://www.billboard.com/charts/country-streaming-songs/2018-01-03
https://www.billboard.com/charts/country-streaming-songs/2018-01-06
https://www.billboard.com/charts/country-streaming-songs/2018-01-13
https://www.billboard.com/charts/country-streaming-songs/2018-01-20
https://www.billboard.com/charts/country-streaming-songs/2018-01-27
https://www.billboard.com/charts/country-streaming-songs/2018-02-03
https://www.billboard.com/charts/country-streaming-songs/2018-02-10
https://www.billboard.com/charts/country-streaming-songs/2018-02-17
https://www.billboard.com/charts/country-streaming-songs/2018-02-24
https://www.billboard.com/charts/country-streaming-songs/2018-03-03
https://www.billboard.com/charts/country-streaming-songs/2018-03-10
https://www.billboard.com/charts/country-streaming-songs/2018-03-17
https://www.billboard.com/charts/country-streaming-songs/2018-03-24
https://www.billboard.com/charts/country-streaming-songs/2018-03-31
https://www.billboard.com/charts/country-streaming-songs/2018-04-07
https://www.billboard.com/charts/country-streaming-songs/2018-04-14
https://www.billboard.com/charts/country-streaming-songs/2018-04-21
https://www.billboard.com/charts/country-streaming-songs/2018-04-28
https://www.billboard.com/charts/country-streaming-songs/2018-05-05
https://www.billboard.com/charts/country-streaming-songs/2018-05-12
https://www.billboard.com/charts/country-streaming-songs/2018-05-19
https://www.billboard.com/charts/country-streaming-songs/2018-05-26
https://www.billboard.com/charts/country-streaming-songs/2018-06-02
https://www.billboard.com/charts/country-streaming-songs/2018-06-09
https://www.billboard.com/charts/country-streaming-songs/2018-06-16
https://www.billboard.com/charts/country-streaming-songs/2018-06-23
https://www.billboard.com/charts/country-streaming-songs/2018-06-30
https://www.billboard.com/charts/country-streaming-songs/2018-07-07
https://www.billboard.com/charts/country-streaming-songs/2018-07-14
https://www.billboard.com/charts/country-streaming-songs/2018-07-21
https://www.billboard.com/charts/country-streaming-songs/2018-07-28
https://www.billboard.com/charts/country-streaming-songs/2018-08-04
https://www.billboard.com/charts/country-streaming-songs/2018-08-11
https://www.billboard.com/charts/country-streaming-songs/2018-08-18
https://www.billboard.com/charts/country-streaming-songs/2018-08-25
https://www.billboard.com/charts/country-streaming-songs/2018-09-01
https://www.billboard.com/charts/country-streaming-songs/2018-09-08
https://www.billboard.com/charts/country-streaming-songs/2018-09-15
https://www.billboard.com/charts/country-streaming-songs/2018-09-22
https://www.billboard.com/charts/country-streaming-songs/2018-09-29
https://www.billboard.com/charts/country-streaming-songs/2018-10-06
https://www.billboard.com/charts/country-streaming-songs/2018-10-13
https://www.billboard.com/charts/country-streaming-songs/2018-10-20
https://www.billboard.com/charts/r-b-hip-hop-songs/2018-02-03
https://www.billboard.com/charts/r-b-hip-hop-songs/2018-02-10
https://www.billboard.com/charts/r-b-hip-hop-songs/2018-02-17
https://www.billboard.com/charts/r-b-hip-hop-songs/2018-02-24
https://www.billboard.com/charts/r-b-hip-hop-songs/2018-03-03
https://www.billboard.com/charts/r-b-hip-hop-songs/2018-03-10
https://www.billboard.com/charts/r-b-hip-hop-songs/2018-03-17
https://www.billboard.com/charts/r-b-hip-hop-songs/2018-03-24
https://www.billboard.com/charts/r-b-hip-hop-songs/2018-03-31
https://www.billboard.com/charts/r-b-hip-hop-songs/2018-04-07
https://www.billboard.com/charts/r-b-hip-hop-songs/2018-04-14
https://www.billboard.com/charts/r-b-hip-hop-songs/2018-04-21
https://www.billboard.com/charts/r-b-hip-hop-songs/2018-04-28
https://www.billboard.com/charts/r-b-hip-hop-songs/2018-05-05
https://www.billboard.com/charts/r-b-hip-hop-songs/2018-05-12
https://www.billboard.com/charts/r-b-hip-hop-songs/2018-05-19
https://www.billboard.com/charts/r-b-hip-hop-songs/2018-05-26
https://www.billboard.com/charts/r-b-hip-hop-songs/2018-06-02
https://www.billboard.com/charts/r-b-hip-hop-songs/2018-06-09
https://www.billboard.com/charts/r-b-hip-hop-songs/2018-06-16
https://www.billboard.com/charts/r-b-hip-hop-songs/2018-06-23
https://www.billboard.com/charts/r-b-hip-hop-songs/2018-06-30
https://www.billboard.com/charts/r-b-hip-hop-songs/2018-07-07
https://www.billboard.com/charts/r-b-hip-hop-songs/2018-07-14
https://www.billboard.com/charts/r-b-hip-hop-songs/2018-07-21
https://www.billboard.com/charts/r-b-hip-hop-songs/2018-07-28
https://www.billboard.com/charts/r-b-hip-hop-songs/2018-08-04
https://www.billboard.com/charts/r-b-hip-hop-songs/2018-08-11
https://www.billboard.com/charts/r-b-hip-hop-songs/2018-08-18
https://www.billboard.com/charts/r-b-hip-hop-songs/2018-08-25
https://www.billboard.com/charts/r-b-hip-hop-songs/2018-09-01
https://www.billboard.com/charts/r-b-hip-hop-songs/2018-09-08
https://www.billboard.com/charts/r-b-hip-hop-songs/2018-09-15
https://www.billboard.com/charts/r-b-hip-hop-songs/2018-09-22
https://www.billboard.com/charts/r-b-hip-hop-songs/2018-09-29
https://www.billboard.com/charts/r-b-hip-hop-songs/2018-10-06
https://www.billboard.com/charts/r-b-hip-hop-songs/2018-10-13
https://www.billboard.com/charts/r-b-hip-hop-songs/2018-10-20
https://www.billboard.com/charts/r-and-b-songs/2018-03-24
https://www.billboard.com/charts/r-and-b-songs/2018-03-31
https://www.billboard.com/charts/r-and-b-songs/2018-04-07
https://www.billboard.com/charts/r-and-b-songs/2018-04-14
https://www.billboard.com/charts/r-and-b-songs/2018-04-21
https://www.billboard.com/charts/r-and-b-songs/2018-04-28
https://www.billboard.com/charts/r-and-b-songs/2018-05-05
https://www.billboard.com/charts/r-and-b-songs/2018-05-12
https://www.billboard.com/charts/r-and-b-songs/2018-05-19
https://www.billboard.com/charts/r-and-b-songs/2018-05-26
https://www.billboard.com/charts/r-and-b-songs/2018-06-02
https://www.billboard.com/charts/r-and-b-songs/2018-06-09
https://www.billboard.com/charts/r-and-b-songs/2018-06-16
https://www.billboard.com/charts/r-and-b-songs/2018-06-23
https://www.billboard.com/charts/r-and-b-songs/2018-06-30
https://www.billboard.com/charts/r-and-b-songs/2018-07-07
https://www.billboard.com/charts/r-and-b-songs/2018-07-14
https://www.billboard.com/charts/r-and-b-songs/2018-07-21
https://www.billboard.com/charts/r-and-b-songs/2018-07-28
https://www.billboard.com/charts/r-and-b-songs/2018-08-04
https://www.billboard.com/charts/r-and-b-songs/2018-08-11
https://www.billboard.com/charts/r-and-b-songs/2018-08-18
https://www.billboard.com/charts/r-and-b-songs/2018-08-25
https://www.billboard.com/charts/r-and-b-songs/2018-09-01
https://www.billboard.com/charts/r-and-b-songs/2018-09-08
https://www.billboard.com/charts/r-and-b-songs/2018-09-15
https://www.billboard.com/charts/r-and-b-songs/2018-09-22
https://www.billboard.com/charts/r-and-b-songs/2018-09-29
https://www.billboard.com/charts/r-and-b-songs/2018-10-06
https://www.billboard.com/charts/r-and-b-songs/2018-10-13
https://www.billboard.com/charts/r-and-b-songs/2018-10-20
https://www.billboard.com/charts/rap-song/2018-02-03
https://www.billboard.com/charts/rap-song/2018-02-10
https://www.billboard.com/charts/rap-song/2018-02-17
https://www.billboard.com/charts/rap-song/2018-02-24
https://www.billboard.com/charts/rap-song/2018-03-03
https://www.billboard.com/charts/rap-song/2018-03-10
https://www.billboard.com/charts/rap-song/2018-03-17
https://www.billboard.com/charts/rap-song/2018-03-24
https://www.billboard.com/charts/rap-song/2018-03-31
https://www.billboard.com/charts/rap-song/2018-04-07
https://www.billboard.com/charts/rap-song/2018-04-14
https://www.billboard.com/charts/rap-song/2018-04-21
https://www.billboard.com/charts/rap-song/2018-04-28
https://www.billboard.com/charts/rap-song/2018-05-05
https://www.billboard.com/charts/rap-song/2018-05-12
https://www.billboard.com/charts/rap-song/2018-05-19
https://www.billboard.com/charts/rap-song/2018-05-26
https://www.billboard.com/charts/rap-song/2018-06-02
https://www.billboard.com/charts/rap-song/2018-06-09
https://www.billboard.com/charts/rap-song/2018-06-16
https://www.billboard.com/charts/rap-song/2018-06-23
https://www.billboard.com/charts/rap-song/2018-06-30
https://www.billboard.com/charts/rap-song/2018-07-07
https://www.billboard.com/charts/rap-song/2018-07-14
https://www.billboard.com/charts/rap-song/2018-07-21
https://www.billboard.com/charts/rap-song/2018-07-28
https://www.billboard.com/charts/rap-song/2018-08-04
https://www.billboard.com/charts/rap-song/2018-08-11
https://www.billboard.com/charts/rap-song/2018-08-18
https://www.billboard.com/charts/rap-song/2018-08-25
https://www.billboard.com/charts/rap-song/2018-09-01
https://www.billboard.com/charts/rap-song/2018-09-08
https://www.billboard.com/charts/rap-song/2018-09-15
https://www.billboard.com/charts/rap-song/2018-09-22
https://www.billboard.com/charts/rap-song/2018-09-29
https://www.billboard.com/charts/rap-song/2018-10-06
https://www.billboard.com/charts/rap-song/2018-10-13
https://www.billboard.com/charts/rap-song/2018-10-20
https://www.billboard.com/charts/hot-r-and-b-hip-hop-airplay/2018-02-03
https://www.billboard.com/charts/hot-r-and-b-hip-hop-airplay/2018-02-10
https://www.billboard.com/charts/hot-r-and-b-hip-hop-airplay/2018-02-17
https://www.billboard.com/charts/hot-r-and-b-hip-hop-airplay/2018-02-24
https://www.billboard.com/charts/hot-r-and-b-hip-hop-airplay/2018-03-03
https://www.billboard.com/charts/hot-r-and-b-hip-hop-airplay/2018-03-10
https://www.billboard.com/charts/hot-r-and-b-hip-hop-airplay/2018-03-17
https://www.billboard.com/charts/hot-r-and-b-hip-hop-airplay/2018-03-24
https://www.billboard.com/charts/hot-r-and-b-hip-hop-airplay/2018-03-31
https://www.billboard.com/charts/hot-r-and-b-hip-hop-airplay/2018-04-07
https://www.billboard.com/charts/hot-r-and-b-hip-hop-airplay/2018-04-14
https://www.billboard.com/charts/hot-r-and-b-hip-hop-airplay/2018-04-21
https://www.billboard.com/charts/hot-r-and-b-hip-hop-airplay/2018-04-28
https://www.billboard.com/charts/hot-r-and-b-hip-hop-airplay/2018-05-05
https://www.billboard.com/charts/hot-r-and-b-hip-hop-airplay/2018-05-12
https://www.billboard.com/charts/hot-r-and-b-hip-hop-airplay/2018-05-19
https://www.billboard.com/charts/hot-r-and-b-hip-hop-airplay/2018-05-26
https://www.billboard.com/charts/hot-r-and-b-hip-hop-airplay/2018-06-02
https://www.billboard.com/charts/hot-r-and-b-hip-hop-airplay/2018-06-09
https://www.billboard.com/charts/hot-r-and-b-hip-hop-airplay/2018-06-16
https://www.billboard.com/charts/hot-r-and-b-hip-hop-airplay/2018-06-23
https://www.billboard.com/charts/hot-r-and-b-hip-hop-airplay/2018-06-30
https://www.billboard.com/charts/hot-r-and-b-hip-hop-airplay/2018-07-07
https://www.billboard.com/charts/hot-r-and-b-hip-hop-airplay/2018-07-14
https://www.billboard.com/charts/hot-r-and-b-hip-hop-airplay/2018-07-21
https://www.billboard.com/charts/hot-r-and-b-hip-hop-airplay/2018-07-28
https://www.billboard.com/charts/hot-r-and-b-hip-hop-airplay/2018-08-04
https://www.billboard.com/charts/hot-r-and-b-hip-hop-airplay/2018-08-11
https://www.billboard.com/charts/hot-r-and-b-hip-hop-airplay/2018-08-18
https://www.billboard.com/charts/hot-r-and-b-hip-hop-airplay/2018-08-25
https://www.billboard.com/charts/hot-r-and-b-hip-hop-airplay/2018-09-01
https://www.billboard.com/charts/hot-r-and-b-hip-hop-airplay/2018-09-08
https://www.billboard.com/charts/hot-r-and-b-hip-hop-airplay/2018-09-15
https://www.billboard.com/charts/hot-r-and-b-hip-hop-airplay/2018-09-22
https://www.billboard.com/charts/hot-r-and-b-hip-hop-airplay/2018-09-29
https://www.billboard.com/charts/hot-r-and-b-hip-hop-airplay/2018-10-06
https://www.billboard.com/charts/hot-r-and-b-hip-hop-airplay/2018-10-13
https://www.billboard.com/charts/hot-r-and-b-hip-hop-airplay/2018-10-20
https://www.billboard.com/charts/r-and-b-hip-hop-streaming-songs/2018-02-03
https://www.billboard.com/charts/r-and-b-hip-hop-streaming-songs/2018-02-10
https://www.billboard.com/charts/r-and-b-hip-hop-streaming-songs/2018-02-17
https://www.billboard.com/charts/r-and-b-hip-hop-streaming-songs/2018-02-24
https://www.billboard.com/charts/r-and-b-hip-hop-streaming-songs/2018-03-03
https://www.billboard.com/charts/r-and-b-hip-hop-streaming-songs/2018-03-10
https://www.billboard.com/charts/r-and-b-hip-hop-streaming-songs/2018-03-17
https://www.billboard.com/charts/r-and-b-hip-hop-streaming-songs/2018-03-24
https://www.billboard.com/charts/r-and-b-hip-hop-streaming-songs/2018-03-31
https://www.billboard.com/charts/r-and-b-hip-hop-streaming-songs/2018-04-07
https://www.billboard.com/charts/r-and-b-hip-hop-streaming-songs/2018-04-14
https://www.billboard.com/charts/r-and-b-hip-hop-streaming-songs/2018-04-21
https://www.billboard.com/charts/r-and-b-hip-hop-streaming-songs/2018-04-28
https://www.billboard.com/charts/r-and-b-hip-hop-streaming-songs/2018-05-05
https://www.billboard.com/charts/r-and-b-hip-hop-streaming-songs/2018-05-12
https://www.billboard.com/charts/r-and-b-hip-hop-streaming-songs/2018-05-19
https://www.billboard.com/charts/r-and-b-hip-hop-streaming-songs/2018-05-26
https://www.billboard.com/charts/r-and-b-hip-hop-streaming-songs/2018-06-02
https://www.billboard.com/charts/r-and-b-hip-hop-streaming-songs/2018-06-09
https://www.billboard.com/charts/r-and-b-hip-hop-streaming-songs/2018-06-16
https://www.billboard.com/charts/r-and-b-hip-hop-streaming-songs/2018-06-23
https://www.billboard.com/charts/r-and-b-hip-hop-streaming-songs/2018-06-30
https://www.billboard.com/charts/r-and-b-hip-hop-streaming-songs/2018-07-07
https://www.billboard.com/charts/r-and-b-hip-hop-streaming-songs/2018-07-14
https://www.billboard.com/charts/r-and-b-hip-hop-streaming-songs/2018-07-21
https://www.billboard.com/charts/r-and-b-hip-hop-streaming-songs/2018-07-28
https://www.billboard.com/charts/r-and-b-hip-hop-streaming-songs/2018-08-04
https://www.billboard.com/charts/r-and-b-hip-hop-streaming-songs/2018-08-11
https://www.billboard.com/charts/r-and-b-hip-hop-streaming-songs/2018-08-18
https://www.billboard.com/charts/r-and-b-hip-hop-streaming-songs/2018-08-25
https://www.billboard.com/charts/r-and-b-hip-hop-streaming-songs/2018-09-01
https://www.billboard.com/charts/r-and-b-hip-hop-streaming-songs/2018-09-08
https://www.billboard.com/charts/r-and-b-hip-hop-streaming-songs/2018-09-15
https://www.billboard.com/charts/r-and-b-hip-hop-streaming-songs/2018-09-22
https://www.billboard.com/charts/r-and-b-hip-hop-streaming-songs/2018-09-29
https://www.billboard.com/charts/r-and-b-hip-hop-streaming-songs/2018-10-06
https://www.billboard.com/charts/r-and-b-hip-hop-streaming-songs/2018-10-13
https://www.billboard.com/charts/r-and-b-hip-hop-streaming-songs/2018-10-20
https://www.billboard.com/charts/r-and-b-hip-hop-digital-song-sales/2018-07-28
https://www.billboard.com/charts/r-and-b-hip-hop-digital-song-sales/2018-08-04
https://www.billboard.com/charts/r-and-b-hip-hop-digital-song-sales/2018-08-11
https://www.billboard.com/charts/r-and-b-hip-hop-digital-song-sales/2018-08-18
https://www.billboard.com/charts/r-and-b-hip-hop-digital-song-sales/2018-08-25
https://www.billboard.com/charts/r-and-b-hip-hop-digital-song-sales/2018-09-08
https://www.billboard.com/charts/rhythmic-40/2018-01-03
https://www.billboard.com/charts/rhythmic-40/2018-01-06
https://www.billboard.com/charts/rhythmic-40/2018-01-13
https://www.billboard.com/charts/rhythmic-40/2018-01-20
https://www.billboard.com/charts/rhythmic-40/2018-01-27
https://www.billboard.com/charts/rhythmic-40/2018-02-03
https://www.billboard.com/charts/rhythmic-40/2018-02-10
https://www.billboard.com/charts/rhythmic-40/2018-02-17
https://www.billboard.com/charts/rhythmic-40/2018-02-24
https://www.billboard.com/charts/rhythmic-40/2018-03-03
https://www.billboard.com/charts/rhythmic-40/2018-03-10
https://www.billboard.com/charts/rhythmic-40/2018-03-17
https://www.billboard.com/charts/rhythmic-40/2018-03-24
https://www.billboard.com/charts/rhythmic-40/2018-03-31
https://www.billboard.com/charts/rhythmic-40/2018-04-07
https://www.billboard.com/charts/rhythmic-40/2018-04-14
https://www.billboard.com/charts/rhythmic-40/2018-04-21
https://www.billboard.com/charts/rhythmic-40/2018-04-28
https://www.billboard.com/charts/rhythmic-40/2018-05-05
https://www.billboard.com/charts/rhythmic-40/2018-05-12
https://www.billboard.com/charts/rhythmic-40/2018-05-19
https://www.billboard.com/charts/rhythmic-40/2018-05-26
https://www.billboard.com/charts/rhythmic-40/2018-06-02
https://www.billboard.com/charts/rhythmic-40/2018-06-09
https://www.billboard.com/charts/rhythmic-40/2018-06-16
https://www.billboard.com/charts/rhythmic-40/2018-06-23
https://www.billboard.com/charts/rhythmic-40/2018-06-30
https://www.billboard.com/charts/rhythmic-40/2018-07-07
https://www.billboard.com/charts/rhythmic-40/2018-07-14
https://www.billboard.com/charts/rhythmic-40/2018-07-21
https://www.billboard.com/charts/rhythmic-40/2018-07-28
https://www.billboard.com/charts/rhythmic-40/2018-08-04
https://www.billboard.com/charts/rhythmic-40/2018-08-11
https://www.billboard.com/charts/rhythmic-40/2018-08-18
https://www.billboard.com/charts/rhythmic-40/2018-08-25
https://www.billboard.com/charts/rhythmic-40/2018-09-01
https://www.billboard.com/charts/rhythmic-40/2018-09-08
https://www.billboard.com/charts/rhythmic-40/2018-09-15
https://www.billboard.com/charts/rhythmic-40/2018-09-22
https://www.billboard.com/charts/rhythmic-40/2018-09-29
https://www.billboard.com/charts/rhythmic-40/2018-10-06
https://www.billboard.com/charts/rhythmic-40/2018-10-13
https://www.billboard.com/charts/rhythmic-40/2018-10-20
https://www.billboard.com/charts/canadian-hot-100/2018-01-03
https://www.billboard.com/charts/canadian-hot-100/2018-01-06
https://www.billboard.com/charts/canadian-hot-100/2018-01-13
https://www.billboard.com/charts/canadian-hot-100/2018-01-20
https://www.billboard.com/charts/canadian-hot-100/2018-01-27
https://www.billboard.com/charts/canadian-hot-100/2018-02-03
https://www.billboard.com/charts/canadian-hot-100/2018-02-10
https://www.billboard.com/charts/canadian-hot-100/2018-02-17
https://www.billboard.com/charts/canadian-hot-100/2018-02-24
https://www.billboard.com/charts/canadian-hot-100/2018-03-03
https://www.billboard.com/charts/canadian-hot-100/2018-03-10
https://www.billboard.com/charts/canadian-hot-100/2018-03-17
https://www.billboard.com/charts/canadian-hot-100/2018-03-24
https://www.billboard.com/charts/canadian-hot-100/2018-03-31
https://www.billboard.com/charts/canadian-hot-100/2018-04-07
https://www.billboard.com/charts/canadian-hot-100/2018-04-14
https://www.billboard.com/charts/canadian-hot-100/2018-04-21
https://www.billboard.com/charts/canadian-hot-100/2018-04-28
https://www.billboard.com/charts/canadian-hot-100/2018-05-05
https://www.billboard.com/charts/canadian-hot-100/2018-05-12
https://www.billboard.com/charts/canadian-hot-100/2018-05-19
https://www.billboard.com/charts/canadian-hot-100/2018-05-26
https://www.billboard.com/charts/canadian-hot-100/2018-06-02
https://www.billboard.com/charts/canadian-hot-100/2018-06-09
https://www.billboard.com/charts/canadian-hot-100/2018-06-16
https://www.billboard.com/charts/canadian-hot-100/2018-06-23
https://www.billboard.com/charts/canadian-hot-100/2018-06-30
https://www.billboard.com/charts/canadian-hot-100/2018-07-07
https://www.billboard.com/charts/canadian-hot-100/2018-07-14
https://www.billboard.com/charts/canadian-hot-100/2018-07-21
https://www.billboard.com/charts/canadian-hot-100/2018-07-28
https://www.billboard.com/charts/canadian-hot-100/2018-08-04
https://www.billboard.com/charts/canadian-hot-100/2018-08-11
https://www.billboard.com/charts/canadian-hot-100/2018-08-18
https://www.billboard.com/charts/canadian-hot-100/2018-08-25
https://www.billboard.com/charts/canadian-hot-100/2018-09-01
https://www.billboard.com/charts/canadian-hot-100/2018-09-08
https://www.billboard.com/charts/canadian-hot-100/2018-09-15
https://www.billboard.com/charts/canadian-hot-100/2018-09-22
https://www.billboard.com/charts/canadian-hot-100/2018-09-29
https://www.billboard.com/charts/canadian-hot-100/2018-10-06
https://www.billboard.com/charts/canadian-hot-100/2018-10-13
https://www.billboard.com/charts/canadian-hot-100/2018-10-20
https://www.billboard.com/charts/japan-hot-100/2018-01-03
https://www.billboard.com/charts/japan-hot-100/2018-02-03
https://www.billboard.com/charts/japan-hot-100/2018-02-17
https://www.billboard.com/charts/japan-hot-100/2018-02-24
https://www.billboard.com/charts/japan-hot-100/2018-03-24
https://www.billboard.com/charts/japan-hot-100/2018-03-31
https://www.billboard.com/charts/japan-hot-100/2018-04-07
https://www.billboard.com/charts/japan-hot-100/2018-04-14
https://www.billboard.com/charts/japan-hot-100/2018-04-21
https://www.billboard.com/charts/japan-hot-100/2018-04-28
https://www.billboard.com/charts/japan-hot-100/2018-05-05
https://www.billboard.com/charts/japan-hot-100/2018-05-12
https://www.billboard.com/charts/japan-hot-100/2018-05-19
https://www.billboard.com/charts/japan-hot-100/2018-05-26
https://www.billboard.com/charts/japan-hot-100/2018-06-02
https://www.billboard.com/charts/japan-hot-100/2018-06-09
https://www.billboard.com/charts/japan-hot-100/2018-06-16
https://www.billboard.com/charts/japan-hot-100/2018-06-23
https://www.billboard.com/charts/japan-hot-100/2018-06-30
https://www.billboard.com/charts/japan-hot-100/2018-07-07
https://www.billboard.com/charts/japan-hot-100/2018-07-14
https://www.billboard.com/charts/japan-hot-100/2018-07-21
https://www.billboard.com/charts/japan-hot-100/2018-07-28
https://www.billboard.com/charts/japan-hot-100/2018-08-11
https://www.billboard.com/charts/japan-hot-100/2018-08-18
https://www.billboard.com/charts/japan-hot-100/2018-08-25
https://www.billboard.com/charts/japan-hot-100/2018-09-01
https://www.billboard.com/charts/japan-hot-100/2018-09-08
https://www.billboard.com/charts/japan-hot-100/2018-09-15
https://www.billboard.com/charts/japan-hot-100/2018-09-22
https://www.billboard.com/charts/japan-hot-100/2018-09-29
https://www.billboard.com/charts/japan-hot-100/2018-10-06
https://www.billboard.com/charts/japan-hot-100/2018-10-13
https://www.billboard.com/charts/japan-hot-100/2018-10-20
https://www.billboard.com/charts/christian-streaming-songs/2018-07-28
https://www.billboard.com/charts/christian-streaming-songs/2018-08-04
https://www.billboard.com/charts/christian-streaming-songs/2018-08-11
https://www.billboard.com/charts/christian-streaming-songs/2018-08-18
https://www.billboard.com/charts/christian-streaming-songs/2018-08-25
https://www.billboard.com/charts/christian-streaming-songs/2018-09-01
https://www.billboard.com/charts/christian-streaming-songs/2018-09-08
https://www.billboard.com/charts/christian-streaming-songs/2018-09-15
https://www.billboard.com/charts/christian-streaming-songs/2018-09-22
https://www.billboard.com/charts/christian-streaming-songs/2018-09-29
